// Jest Snapshot v1, https://goo.gl/fbAQLP

exports[`movies react application shows loaded movies 1`] = `
[
  <h2>
    List the movies
  </h2>,
  <div>
    Jest, the test
  </div>,
  <div>
    Bob, the builder
  </div>,
]
`;
